// Jest Snapshot v1, https://goo.gl/fbAQLP

exports[`<ProductTileDynamic /> renders ProductTileDynamic 1`] = `
<div
  className="mfui-product-tile-dynamic"
>
  <div
    className="mfui-product-tile-dynamic__constructor-pack"
  >
    <ProductTileValue
      hAlign="center"
      value="100 минут"
    />
  </div>
  <ProductSwitcher
    className="mfui-product-tile-dynamic__constructor-range"
    items={
      Array [
        Object {
          "title": "1",
          "value": "1",
        },
        Object {
          "title": "2",
          "value": "2",
        },
      ]
    }
    onChange={[MockFunction]}
    startIndex={1}
    theme="tariff-showcase"
  />
  <ProductSwitcher
    className="mfui-product-tile-dynamic__constructor-range"
    items={
      Array [
        Object {
          "title": "3",
          "value": "3",
        },
        Object {
          "title": "4",
          "value": "4",
        },
      ]
    }
    onChange={[MockFunction]}
    startIndex={1}
    theme="tariff-showcase"
  />
  <div
    className="mfui-product-tile-dynamic__constructor-pack"
  >
    <ProductTileValue
      hAlign="center"
      value="10 ГБ"
    />
  </div>
</div>
`;
